Analysis & Synthesis report for full_uart
Wed Feb 07 19:14:18 2024
Quartus II 64-Bit Version 13.0.1 Build 232 06/12/2013 Service Pack 1 SJ Web Edition


---------------------
; Table of Contents ;
---------------------
  1. Legal Notice
  2. Analysis & Synthesis Summary
  3. Analysis & Synthesis Settings
  4. Parallel Compilation
  5. Analysis & Synthesis Source Files Read
  6. Analysis & Synthesis Resource Usage Summary
  7. Analysis & Synthesis Resource Utilization by Entity
  8. General Register Statistics
  9. Inverted Register Statistics
 10. Multiplexer Restructuring Statistics (Restructuring Performed)
 11. Parameter Settings for User Entity Instance: tx_uart:tx|tx_single_pulser:pulser
 12. Parameter Settings for User Entity Instance: tx_uart:tx|tx_controller:ctrl
 13. Parameter Settings for User Entity Instance: rx_uart:rx|rx_controller:ctrl_rx
 14. Port Connectivity Checks: "rx_uart:rx|tx_baud_counter:baud_rx"
 15. Port Connectivity Checks: "rx_uart:rx|tx_7segdecoder:msb_rx"
 16. Port Connectivity Checks: "tx_uart:tx|tx_baud_counter:baud"
 17. Port Connectivity Checks: "tx_uart:tx|tx_7segdecoder:msb"
 18. Elapsed Time Per Partition
 19. Analysis & Synthesis Messages



----------------
; Legal Notice ;
----------------
Copyright (C) 1991-2013 Altera Corporation
Your use of Altera Corporation's design tools, logic functions 
and other software and tools, and its AMPP partner logic 
functions, and any output files from any of the foregoing 
(including device programming or simulation files), and any 
associated documentation or information are expressly subject 
to the terms and conditions of the Altera Program License 
Subscription Agreement, Altera MegaCore Function License 
Agreement, or other applicable license agreement, including, 
without limitation, that your use is for the sole purpose of 
programming logic devices manufactured by Altera and sold by 
Altera or its authorized distributors.  Please refer to the 
applicable agreement for further details.



+--------------------------------------------------------------------------------------+
; Analysis & Synthesis Summary                                                         ;
+------------------------------------+-------------------------------------------------+
; Analysis & Synthesis Status        ; Successful - Wed Feb 07 19:14:18 2024           ;
; Quartus II 64-Bit Version          ; 13.0.1 Build 232 06/12/2013 SP 1 SJ Web Edition ;
; Revision Name                      ; full_uart                                       ;
; Top-level Entity Name              ; full_uart                                       ;
; Family                             ; Cyclone II                                      ;
; Total logic elements               ; 123                                             ;
;     Total combinational functions  ; 122                                             ;
;     Dedicated logic registers      ; 58                                              ;
; Total registers                    ; 58                                              ;
; Total pins                         ; 68                                              ;
; Total virtual pins                 ; 0                                               ;
; Total memory bits                  ; 0                                               ;
; Embedded Multiplier 9-bit elements ; 0                                               ;
; Total PLLs                         ; 0                                               ;
+------------------------------------+-------------------------------------------------+


+----------------------------------------------------------------------------------------------------------------------+
; Analysis & Synthesis Settings                                                                                        ;
+----------------------------------------------------------------------------+--------------------+--------------------+
; Option                                                                     ; Setting            ; Default Value      ;
+----------------------------------------------------------------------------+--------------------+--------------------+
; Device                                                                     ; EP2C35F672C6       ;                    ;
; Top-level entity name                                                      ; full_uart          ; full_uart          ;
; Family name                                                                ; Cyclone II         ; Cyclone IV GX      ;
; Use smart compilation                                                      ; Off                ; Off                ;
; Enable parallel Assembler and TimeQuest Timing Analyzer during compilation ; On                 ; On                 ;
; Enable compact report table                                                ; Off                ; Off                ;
; Restructure Multiplexers                                                   ; Auto               ; Auto               ;
; Create Debugging Nodes for IP Cores                                        ; Off                ; Off                ;
; Preserve fewer node names                                                  ; On                 ; On                 ;
; Disable OpenCore Plus hardware evaluation                                  ; Off                ; Off                ;
; Verilog Version                                                            ; Verilog_2001       ; Verilog_2001       ;
; VHDL Version                                                               ; VHDL_1993          ; VHDL_1993          ;
; State Machine Processing                                                   ; Auto               ; Auto               ;
; Safe State Machine                                                         ; Off                ; Off                ;
; Extract Verilog State Machines                                             ; On                 ; On                 ;
; Extract VHDL State Machines                                                ; On                 ; On                 ;
; Ignore Verilog initial constructs                                          ; Off                ; Off                ;
; Iteration limit for constant Verilog loops                                 ; 5000               ; 5000               ;
; Iteration limit for non-constant Verilog loops                             ; 250                ; 250                ;
; Add Pass-Through Logic to Inferred RAMs                                    ; On                 ; On                 ;
; Infer RAMs from Raw Logic                                                  ; On                 ; On                 ;
; Parallel Synthesis                                                         ; On                 ; On                 ;
; DSP Block Balancing                                                        ; Auto               ; Auto               ;
; NOT Gate Push-Back                                                         ; On                 ; On                 ;
; Power-Up Don't Care                                                        ; On                 ; On                 ;
; Remove Redundant Logic Cells                                               ; Off                ; Off                ;
; Remove Duplicate Registers                                                 ; On                 ; On                 ;
; Ignore CARRY Buffers                                                       ; Off                ; Off                ;
; Ignore CASCADE Buffers                                                     ; Off                ; Off                ;
; Ignore GLOBAL Buffers                                                      ; Off                ; Off                ;
; Ignore ROW GLOBAL Buffers                                                  ; Off                ; Off                ;
; Ignore LCELL Buffers                                                       ; Off                ; Off                ;
; Ignore SOFT Buffers                                                        ; On                 ; On                 ;
; Limit AHDL Integers to 32 Bits                                             ; Off                ; Off                ;
; Optimization Technique                                                     ; Balanced           ; Balanced           ;
; Carry Chain Length                                                         ; 70                 ; 70                 ;
; Auto Carry Chains                                                          ; On                 ; On                 ;
; Auto Open-Drain Pins                                                       ; On                 ; On                 ;
; Perform WYSIWYG Primitive Resynthesis                                      ; Off                ; Off                ;
; Auto ROM Replacement                                                       ; On                 ; On                 ;
; Auto RAM Replacement                                                       ; On                 ; On                 ;
; Auto Shift Register Replacement                                            ; Auto               ; Auto               ;
; Allow Shift Register Merging across Hierarchies                            ; Auto               ; Auto               ;
; Auto Clock Enable Replacement                                              ; On                 ; On                 ;
; Strict RAM Replacement                                                     ; Off                ; Off                ;
; Allow Synchronous Control Signals                                          ; On                 ; On                 ;
; Force Use of Synchronous Clear Signals                                     ; Off                ; Off                ;
; Auto RAM to Logic Cell Conversion                                          ; Off                ; Off                ;
; Auto Resource Sharing                                                      ; Off                ; Off                ;
; Allow Any RAM Size For Recognition                                         ; Off                ; Off                ;
; Allow Any ROM Size For Recognition                                         ; Off                ; Off                ;
; Allow Any Shift Register Size For Recognition                              ; Off                ; Off                ;
; Use LogicLock Constraints during Resource Balancing                        ; On                 ; On                 ;
; Ignore translate_off and synthesis_off directives                          ; Off                ; Off                ;
; Timing-Driven Synthesis                                                    ; Off                ; Off                ;
; Report Parameter Settings                                                  ; On                 ; On                 ;
; Report Source Assignments                                                  ; On                 ; On                 ;
; Report Connectivity Checks                                                 ; On                 ; On                 ;
; Ignore Maximum Fan-Out Assignments                                         ; Off                ; Off                ;
; Synchronization Register Chain Length                                      ; 2                  ; 2                  ;
; PowerPlay Power Optimization                                               ; Normal compilation ; Normal compilation ;
; HDL message level                                                          ; Level2             ; Level2             ;
; Suppress Register Optimization Related Messages                            ; Off                ; Off                ;
; Number of Removed Registers Reported in Synthesis Report                   ; 5000               ; 5000               ;
; Number of Swept Nodes Reported in Synthesis Report                         ; 5000               ; 5000               ;
; Number of Inverted Registers Reported in Synthesis Report                  ; 100                ; 100                ;
; Clock MUX Protection                                                       ; On                 ; On                 ;
; Auto Gated Clock Conversion                                                ; Off                ; Off                ;
; Block Design Naming                                                        ; Auto               ; Auto               ;
; SDC constraint protection                                                  ; Off                ; Off                ;
; Synthesis Effort                                                           ; Auto               ; Auto               ;
; Shift Register Replacement - Allow Asynchronous Clear Signal               ; On                 ; On                 ;
; Pre-Mapping Resynthesis Optimization                                       ; Off                ; Off                ;
; Analysis & Synthesis Message Level                                         ; Medium             ; Medium             ;
; Disable Register Merging Across Hierarchies                                ; Auto               ; Auto               ;
; Resource Aware Inference For Block RAM                                     ; On                 ; On                 ;
; Synthesis Seed                                                             ; 1                  ; 1                  ;
+----------------------------------------------------------------------------+--------------------+--------------------+


Parallel compilation was disabled, but you have multiple processors available. Enable parallel compilation to reduce compilation time.
+-------------------------------------+
; Parallel Compilation                ;
+----------------------------+--------+
; Processors                 ; Number ;
+----------------------------+--------+
; Number detected on machine ; 4      ;
; Maximum allowed            ; 1      ;
+----------------------------+--------+


+---------------------------------------------------------------------------------------------------------------------------------------------------------------------------------------------+
; Analysis & Synthesis Source Files Read                                                                                                                                                      ;
+------------------------------------------+-----------------+------------------------+---------------------------------------------------------------------------------------------+---------+
; File Name with User-Entered Path         ; Used in Netlist ; File Type              ; File Name with Absolute Path                                                                ; Library ;
+------------------------------------------+-----------------+------------------------+---------------------------------------------------------------------------------------------+---------+
; ../irda_inverter/irda_inverter.v         ; yes             ; User Verilog HDL File  ; C:/Users/Adam/Documents/git-repos/ELEC473_assignment2/irda_inverter/irda_inverter.v         ;         ;
; ../tx_synchroniser/tx_synchroniser.v     ; yes             ; User Verilog HDL File  ; C:/Users/Adam/Documents/git-repos/ELEC473_assignment2/tx_synchroniser/tx_synchroniser.v     ;         ;
; ../tx_single_pulser/tx_single_pulser.v   ; yes             ; User Verilog HDL File  ; C:/Users/Adam/Documents/git-repos/ELEC473_assignment2/tx_single_pulser/tx_single_pulser.v   ;         ;
; ../tx_shift_register/tx_shift_register.v ; yes             ; User Verilog HDL File  ; C:/Users/Adam/Documents/git-repos/ELEC473_assignment2/tx_shift_register/tx_shift_register.v ;         ;
; ../tx_parity/tx_parity.v                 ; yes             ; User Verilog HDL File  ; C:/Users/Adam/Documents/git-repos/ELEC473_assignment2/tx_parity/tx_parity.v                 ;         ;
; ../tx_counter/tx_counter.v               ; yes             ; User Verilog HDL File  ; C:/Users/Adam/Documents/git-repos/ELEC473_assignment2/tx_counter/tx_counter.v               ;         ;
; ../tx_controller/tx_controller.v         ; yes             ; User Verilog HDL File  ; C:/Users/Adam/Documents/git-repos/ELEC473_assignment2/tx_controller/tx_controller.v         ;         ;
; ../tx_baud_counter/tx_baud_counter.v     ; yes             ; User Verilog HDL File  ; C:/Users/Adam/Documents/git-repos/ELEC473_assignment2/tx_baud_counter/tx_baud_counter.v     ;         ;
; ../tx_7segdecoder/tx_7segdecoder.v       ; yes             ; User Verilog HDL File  ; C:/Users/Adam/Documents/git-repos/ELEC473_assignment2/tx_7segdecoder/tx_7segdecoder.v       ;         ;
; ../rx_shift_register/rx_shift_register.v ; yes             ; User Verilog HDL File  ; C:/Users/Adam/Documents/git-repos/ELEC473_assignment2/rx_shift_register/rx_shift_register.v ;         ;
; ../rx_parity_check/rx_parity_check.v     ; yes             ; User Verilog HDL File  ; C:/Users/Adam/Documents/git-repos/ELEC473_assignment2/rx_parity_check/rx_parity_check.v     ;         ;
; ../rx_controller/rx_controller.v         ; yes             ; User Verilog HDL File  ; C:/Users/Adam/Documents/git-repos/ELEC473_assignment2/rx_controller/rx_controller.v         ;         ;
; ../tx_uart/tx_uart.v                     ; yes             ; User Verilog HDL File  ; C:/Users/Adam/Documents/git-repos/ELEC473_assignment2/tx_uart/tx_uart.v                     ;         ;
; ../rx_uart/rx_uart.v                     ; yes             ; User Verilog HDL File  ; C:/Users/Adam/Documents/git-repos/ELEC473_assignment2/rx_uart/rx_uart.v                     ;         ;
; full_uart.v                              ; yes             ; User Verilog HDL File  ; C:/Users/Adam/Documents/git-repos/ELEC473_assignment2/full_uart/full_uart.v                 ;         ;
+------------------------------------------+-----------------+------------------------+---------------------------------------------------------------------------------------------+---------+


+--------------------------------------------------------+
; Analysis & Synthesis Resource Usage Summary            ;
+---------------------------------------------+----------+
; Resource                                    ; Usage    ;
+---------------------------------------------+----------+
; Estimated Total logic elements              ; 123      ;
;                                             ;          ;
; Total combinational functions               ; 122      ;
; Logic element usage by number of LUT inputs ;          ;
;     -- 4 input functions                    ; 60       ;
;     -- 3 input functions                    ; 21       ;
;     -- <=2 input functions                  ; 41       ;
;                                             ;          ;
; Logic elements by mode                      ;          ;
;     -- normal mode                          ; 102      ;
;     -- arithmetic mode                      ; 20       ;
;                                             ;          ;
; Total registers                             ; 58       ;
;     -- Dedicated logic registers            ; 58       ;
;     -- I/O registers                        ; 0        ;
;                                             ;          ;
; I/O pins                                    ; 68       ;
; Embedded Multiplier 9-bit elements          ; 0        ;
; Maximum fan-out node                        ; CLOCK_50 ;
; Maximum fan-out                             ; 58       ;
; Total fan-out                               ; 595      ;
; Average fan-out                             ; 2.40     ;
+---------------------------------------------+----------+


+----------------------------------------------------------------------------------------------------------------------------------------------------------------------------------------------------------------------+
; Analysis & Synthesis Resource Utilization by Entity                                                                                                                                                                  ;
+--------------------------------------+-------------------+--------------+-------------+--------------+---------+-----------+------+--------------+----------------------------------------------------+--------------+
; Compilation Hierarchy Node           ; LC Combinationals ; LC Registers ; Memory Bits ; DSP Elements ; DSP 9x9 ; DSP 18x18 ; Pins ; Virtual Pins ; Full Hierarchy Name                                ; Library Name ;
+--------------------------------------+-------------------+--------------+-------------+--------------+---------+-----------+------+--------------+----------------------------------------------------+--------------+
; |full_uart                           ; 122 (0)           ; 58 (0)       ; 0           ; 0            ; 0       ; 0         ; 68   ; 0            ; |full_uart                                         ; work         ;
;    |rx_uart:rx|                      ; 58 (0)            ; 27 (0)       ; 0           ; 0            ; 0       ; 0         ; 0    ; 0            ; |full_uart|rx_uart:rx                              ; work         ;
;       |rx_controller:ctrl_rx|        ; 4 (4)             ; 1 (1)        ; 0           ; 0            ; 0       ; 0         ; 0    ; 0            ; |full_uart|rx_uart:rx|rx_controller:ctrl_rx        ; work         ;
;       |rx_parity_check:parity_rx|    ; 3 (3)             ; 0 (0)        ; 0           ; 0            ; 0       ; 0         ; 0    ; 0            ; |full_uart|rx_uart:rx|rx_parity_check:parity_rx    ; work         ;
;       |rx_shift_register:sr_rx|      ; 13 (13)           ; 11 (11)      ; 0           ; 0            ; 0       ; 0         ; 0    ; 0            ; |full_uart|rx_uart:rx|rx_shift_register:sr_rx      ; work         ;
;       |tx_7segdecoder:lsb_rx|        ; 7 (7)             ; 0 (0)        ; 0           ; 0            ; 0       ; 0         ; 0    ; 0            ; |full_uart|rx_uart:rx|tx_7segdecoder:lsb_rx        ; work         ;
;       |tx_7segdecoder:msb_rx|        ; 7 (7)             ; 0 (0)        ; 0           ; 0            ; 0       ; 0         ; 0    ; 0            ; |full_uart|rx_uart:rx|tx_7segdecoder:msb_rx        ; work         ;
;       |tx_baud_counter:baud_rx|      ; 15 (15)           ; 11 (11)      ; 0           ; 0            ; 0       ; 0         ; 0    ; 0            ; |full_uart|rx_uart:rx|tx_baud_counter:baud_rx      ; work         ;
;       |tx_counter:counter_rx|        ; 9 (9)             ; 4 (4)        ; 0           ; 0            ; 0       ; 0         ; 0    ; 0            ; |full_uart|rx_uart:rx|tx_counter:counter_rx        ; work         ;
;    |tx_uart:tx|                      ; 64 (0)            ; 31 (0)       ; 0           ; 0            ; 0       ; 0         ; 0    ; 0            ; |full_uart|tx_uart:tx                              ; work         ;
;       |irda_inverter:inv|            ; 3 (3)             ; 0 (0)        ; 0           ; 0            ; 0       ; 0         ; 0    ; 0            ; |full_uart|tx_uart:tx|irda_inverter:inv            ; work         ;
;       |tx_7segdecoder:lsb|           ; 7 (7)             ; 0 (0)        ; 0           ; 0            ; 0       ; 0         ; 0    ; 0            ; |full_uart|tx_uart:tx|tx_7segdecoder:lsb           ; work         ;
;       |tx_7segdecoder:msb|           ; 7 (7)             ; 0 (0)        ; 0           ; 0            ; 0       ; 0         ; 0    ; 0            ; |full_uart|tx_uart:tx|tx_7segdecoder:msb           ; work         ;
;       |tx_baud_counter:baud|         ; 12 (12)           ; 11 (11)      ; 0           ; 0            ; 0       ; 0         ; 0    ; 0            ; |full_uart|tx_uart:tx|tx_baud_counter:baud         ; work         ;
;       |tx_controller:ctrl|           ; 11 (11)           ; 2 (2)        ; 0           ; 0            ; 0       ; 0         ; 0    ; 0            ; |full_uart|tx_uart:tx|tx_controller:ctrl           ; work         ;
;       |tx_counter:counter|           ; 8 (8)             ; 4 (4)        ; 0           ; 0            ; 0       ; 0         ; 0    ; 0            ; |full_uart|tx_uart:tx|tx_counter:counter           ; work         ;
;       |tx_parity:parity|             ; 2 (2)             ; 0 (0)        ; 0           ; 0            ; 0       ; 0         ; 0    ; 0            ; |full_uart|tx_uart:tx|tx_parity:parity             ; work         ;
;       |tx_shift_register:sr|         ; 12 (12)           ; 11 (11)      ; 0           ; 0            ; 0       ; 0         ; 0    ; 0            ; |full_uart|tx_uart:tx|tx_shift_register:sr         ; work         ;
;       |tx_single_pulser:pulser|      ; 1 (1)             ; 1 (1)        ; 0           ; 0            ; 0       ; 0         ; 0    ; 0            ; |full_uart|tx_uart:tx|tx_single_pulser:pulser      ; work         ;
;       |tx_synchroniser:synchroniser| ; 1 (1)             ; 2 (2)        ; 0           ; 0            ; 0       ; 0         ; 0    ; 0            ; |full_uart|tx_uart:tx|tx_synchroniser:synchroniser ; work         ;
+--------------------------------------+-------------------+--------------+-------------+--------------+---------+-----------+------+--------------+----------------------------------------------------+--------------+
Note: For table entries with two numbers listed, the numbers in parentheses indicate the number of resources of the given type used by the specific entity alone. The numbers listed outside of parentheses indicate the total resources of the given type used by the specific entity and all of its sub-entities in the hierarchy.


+------------------------------------------------------+
; General Register Statistics                          ;
+----------------------------------------------+-------+
; Statistic                                    ; Value ;
+----------------------------------------------+-------+
; Total registers                              ; 58    ;
; Number of registers using Synchronous Clear  ; 23    ;
; Number of registers using Synchronous Load   ; 0     ;
; Number of registers using Asynchronous Clear ; 0     ;
; Number of registers using Asynchronous Load  ; 0     ;
; Number of registers using Clock Enable       ; 21    ;
; Number of registers using Preset             ; 0     ;
+----------------------------------------------+-------+


+-------------------------------------------------------+
; Inverted Register Statistics                          ;
+---------------------------------------------+---------+
; Inverted Register                           ; Fan out ;
+---------------------------------------------+---------+
; tx_uart:tx|tx_shift_register:sr|tmp_data[0] ; 1       ;
; tx_uart:tx|tx_shift_register:sr|tmp_data[1] ; 1       ;
; tx_uart:tx|tx_synchroniser:synchroniser|ff2 ; 3       ;
; tx_uart:tx|tx_shift_register:sr|tmp_data[2] ; 1       ;
; tx_uart:tx|tx_synchroniser:synchroniser|ff1 ; 1       ;
; tx_uart:tx|tx_shift_register:sr|tmp_data[3] ; 1       ;
; tx_uart:tx|tx_shift_register:sr|tmp_data[4] ; 1       ;
; tx_uart:tx|tx_shift_register:sr|tmp_data[5] ; 1       ;
; tx_uart:tx|tx_shift_register:sr|tmp_data[6] ; 1       ;
; tx_uart:tx|tx_shift_register:sr|tmp_data[7] ; 1       ;
; tx_uart:tx|tx_shift_register:sr|tmp_data[8] ; 1       ;
; tx_uart:tx|tx_shift_register:sr|tmp_data[9] ; 1       ;
; Total number of inverted registers = 12     ;         ;
+---------------------------------------------+---------+


+-------------------------------------------------------------------------------------------------------------------------------------------------------------------------+
; Multiplexer Restructuring Statistics (Restructuring Performed)                                                                                                          ;
+--------------------+-----------+---------------+----------------------+------------------------+------------+-----------------------------------------------------------+
; Multiplexer Inputs ; Bus Width ; Baseline Area ; Area if Restructured ; Saving if Restructured ; Registered ; Example Multiplexer Output                                ;
+--------------------+-----------+---------------+----------------------+------------------------+------------+-----------------------------------------------------------+
; 3:1                ; 11 bits   ; 22 LEs        ; 11 LEs               ; 11 LEs                 ; Yes        ; |full_uart|rx_uart:rx|rx_shift_register:sr_rx|tmp_data[4] ;
; 3:1                ; 11 bits   ; 22 LEs        ; 11 LEs               ; 11 LEs                 ; Yes        ; |full_uart|tx_uart:tx|tx_baud_counter:baud|count[4]       ;
; 3:1                ; 11 bits   ; 22 LEs        ; 11 LEs               ; 11 LEs                 ; Yes        ; |full_uart|rx_uart:rx|tx_baud_counter:baud_rx|count[0]    ;
; 4:1                ; 4 bits    ; 8 LEs         ; 4 LEs                ; 4 LEs                  ; Yes        ; |full_uart|rx_uart:rx|tx_counter:counter_rx|count[0]      ;
; 4:1                ; 4 bits    ; 8 LEs         ; 4 LEs                ; 4 LEs                  ; Yes        ; |full_uart|tx_uart:tx|tx_counter:counter|count[0]         ;
; 5:1                ; 2 bits    ; 6 LEs         ; 4 LEs                ; 2 LEs                  ; Yes        ; |full_uart|tx_uart:tx|tx_controller:ctrl|current_state[1] ;
; 4:1                ; 2 bits    ; 4 LEs         ; 4 LEs                ; 0 LEs                  ; Yes        ; |full_uart|tx_uart:tx|tx_shift_register:sr|tmp_data[0]    ;
; 4:1                ; 8 bits    ; 16 LEs        ; 16 LEs               ; 0 LEs                  ; Yes        ; |full_uart|tx_uart:tx|tx_shift_register:sr|tmp_data[2]    ;
+--------------------+-----------+---------------+----------------------+------------------------+------------+-----------------------------------------------------------+


+---------------------------------------------------------------------------------+
; Parameter Settings for User Entity Instance: tx_uart:tx|tx_single_pulser:pulser ;
+----------------+-------+--------------------------------------------------------+
; Parameter Name ; Value ; Type                                                   ;
+----------------+-------+--------------------------------------------------------+
; wait_h         ; 0     ; Unsigned Binary                                        ;
; wait_l         ; 1     ; Unsigned Binary                                        ;
+----------------+-------+--------------------------------------------------------+
Note: In order to hide this table in the UI and the text report file, please set the "Show Parameter Settings in Synthesis Report" option in "Analysis and Synthesis Settings -> More Settings" to "Off".


+----------------------------------------------------------------------------+
; Parameter Settings for User Entity Instance: tx_uart:tx|tx_controller:ctrl ;
+----------------+-------+---------------------------------------------------+
; Parameter Name ; Value ; Type                                              ;
+----------------+-------+---------------------------------------------------+
; state_0        ; 00    ; Unsigned Binary                                   ;
; state_load     ; 01    ; Unsigned Binary                                   ;
; state_shift    ; 10    ; Unsigned Binary                                   ;
+----------------+-------+---------------------------------------------------+
Note: In order to hide this table in the UI and the text report file, please set the "Show Parameter Settings in Synthesis Report" option in "Analysis and Synthesis Settings -> More Settings" to "Off".


+-------------------------------------------------------------------------------+
; Parameter Settings for User Entity Instance: rx_uart:rx|rx_controller:ctrl_rx ;
+----------------+-------+------------------------------------------------------+
; Parameter Name ; Value ; Type                                                 ;
+----------------+-------+------------------------------------------------------+
; state_0        ; 0     ; Unsigned Binary                                      ;
; state_load     ; 1     ; Unsigned Binary                                      ;
+----------------+-------+------------------------------------------------------+
Note: In order to hide this table in the UI and the text report file, please set the "Show Parameter Settings in Synthesis Report" option in "Analysis and Synthesis Settings -> More Settings" to "Off".


+-------------------------------------------------------------------------------------------------------------------------------------------------+
; Port Connectivity Checks: "rx_uart:rx|tx_baud_counter:baud_rx"                                                                                  ;
+------------------+--------+----------+----------------------------------------------------------------------------------------------------------+
; Port             ; Type   ; Severity ; Details                                                                                                  ;
+------------------+--------+----------+----------------------------------------------------------------------------------------------------------+
; baud_output      ; Output ; Warning  ; Declared by entity but not connected by instance. Logic that only feeds a dangling port will be removed. ;
; irda_baud_output ; Output ; Warning  ; Declared by entity but not connected by instance. Logic that only feeds a dangling port will be removed. ;
+------------------+--------+----------+----------------------------------------------------------------------------------------------------------+


+----------------------------------------------------------------------------------------------------------------------------------------------------------------------------------------------+
; Port Connectivity Checks: "rx_uart:rx|tx_7segdecoder:msb_rx"                                                                                                                                 ;
+-----------------+-------+----------+---------------------------------------------------------------------------------------------------------------------------------------------------------+
; Port            ; Type  ; Severity ; Details                                                                                                                                                 ;
+-----------------+-------+----------+---------------------------------------------------------------------------------------------------------------------------------------------------------+
; seven_seg_input ; Input ; Warning  ; Input port expression (3 bits) is smaller than the input port (4 bits) it drives.  Extra input bit(s) "seven_seg_input[3..3]" will be connected to GND. ;
+-----------------+-------+----------+---------------------------------------------------------------------------------------------------------------------------------------------------------+


+-------------------------------------------------------------------------------------------------------------------------------------------------------------------------------+
; Port Connectivity Checks: "tx_uart:tx|tx_baud_counter:baud"                                                                                                                   ;
+-------------+-------+----------+----------------------------------------------------------------------------------------------------------------------------------------------+
; Port        ; Type  ; Severity ; Details                                                                                                                                      ;
+-------------+-------+----------+----------------------------------------------------------------------------------------------------------------------------------------------+
; reset_count ; Input ; Warning  ; Declared by entity but not connected by instance. If a default value exists, it will be used.  Otherwise, the port will be connected to GND. ;
+-------------+-------+----------+----------------------------------------------------------------------------------------------------------------------------------------------+


+----------------------------------------------------------------------------------------------------------------------------------------------------------------------------------------------+
; Port Connectivity Checks: "tx_uart:tx|tx_7segdecoder:msb"                                                                                                                                    ;
+-----------------+-------+----------+---------------------------------------------------------------------------------------------------------------------------------------------------------+
; Port            ; Type  ; Severity ; Details                                                                                                                                                 ;
+-----------------+-------+----------+---------------------------------------------------------------------------------------------------------------------------------------------------------+
; seven_seg_input ; Input ; Warning  ; Input port expression (3 bits) is smaller than the input port (4 bits) it drives.  Extra input bit(s) "seven_seg_input[3..3]" will be connected to GND. ;
+-----------------+-------+----------+---------------------------------------------------------------------------------------------------------------------------------------------------------+


+-------------------------------+
; Elapsed Time Per Partition    ;
+----------------+--------------+
; Partition Name ; Elapsed Time ;
+----------------+--------------+
; Top            ; 00:00:00     ;
+----------------+--------------+


+-------------------------------+
; Analysis & Synthesis Messages ;
+-------------------------------+
Info: *******************************************************************
Info: Running Quartus II 64-Bit Analysis & Synthesis
    Info: Version 13.0.1 Build 232 06/12/2013 Service Pack 1 SJ Web Edition
    Info: Processing started: Wed Feb 07 19:14:16 2024
Info: Command: quartus_map --read_settings_files=on --write_settings_files=off full_uart -c full_uart
Warning (20028): Parallel compilation is not licensed and has been disabled
Info (12021): Found 1 design units, including 1 entities, in source file /users/adam/documents/git-repos/elec473_assignment2/irda_inverter/irda_inverter.v
    Info (12023): Found entity 1: irda_inverter
Info (12021): Found 1 design units, including 1 entities, in source file /users/adam/documents/git-repos/elec473_assignment2/tx_synchroniser/tx_synchroniser.v
    Info (12023): Found entity 1: tx_synchroniser
Info (12021): Found 1 design units, including 1 entities, in source file /users/adam/documents/git-repos/elec473_assignment2/tx_single_pulser/tx_single_pulser.v
    Info (12023): Found entity 1: tx_single_pulser
Info (12021): Found 1 design units, including 1 entities, in source file /users/adam/documents/git-repos/elec473_assignment2/tx_shift_register/tx_shift_register.v
    Info (12023): Found entity 1: tx_shift_register
Info (12021): Found 1 design units, including 1 entities, in source file /users/adam/documents/git-repos/elec473_assignment2/tx_parity/tx_parity.v
    Info (12023): Found entity 1: tx_parity
Info (12021): Found 1 design units, including 1 entities, in source file /users/adam/documents/git-repos/elec473_assignment2/tx_counter/tx_counter.v
    Info (12023): Found entity 1: tx_counter
Info (12021): Found 1 design units, including 1 entities, in source file /users/adam/documents/git-repos/elec473_assignment2/tx_controller/tx_controller.v
    Info (12023): Found entity 1: tx_controller
Info (12021): Found 1 design units, including 1 entities, in source file /users/adam/documents/git-repos/elec473_assignment2/tx_baud_counter/tx_baud_counter.v
    Info (12023): Found entity 1: tx_baud_counter
Info (12021): Found 1 design units, including 1 entities, in source file /users/adam/documents/git-repos/elec473_assignment2/tx_7segdecoder/tx_7segdecoder.v
    Info (12023): Found entity 1: tx_7segdecoder
Info (12021): Found 1 design units, including 1 entities, in source file /users/adam/documents/git-repos/elec473_assignment2/rx_shift_register/rx_shift_register.v
    Info (12023): Found entity 1: rx_shift_register
Info (12021): Found 1 design units, including 1 entities, in source file /users/adam/documents/git-repos/elec473_assignment2/rx_parity_check/rx_parity_check.v
    Info (12023): Found entity 1: rx_parity_check
Info (12021): Found 1 design units, including 1 entities, in source file /users/adam/documents/git-repos/elec473_assignment2/rx_controller/rx_controller.v
    Info (12023): Found entity 1: rx_controller
Warning (10275): Verilog HDL Module Instantiation warning at tx_uart.v(92): ignored dangling comma in List of Port Connections
Info (12021): Found 1 design units, including 1 entities, in source file /users/adam/documents/git-repos/elec473_assignment2/tx_uart/tx_uart.v
    Info (12023): Found entity 1: tx_uart
Info (12021): Found 1 design units, including 1 entities, in source file /users/adam/documents/git-repos/elec473_assignment2/rx_uart/rx_uart.v
    Info (12023): Found entity 1: rx_uart
Info (12021): Found 1 design units, including 1 entities, in source file full_uart.v
    Info (12023): Found entity 1: full_uart
Info (12127): Elaborating entity "full_uart" for the top level hierarchy
Info (12128): Elaborating entity "tx_uart" for hierarchy "tx_uart:tx"
Info (12128): Elaborating entity "tx_7segdecoder" for hierarchy "tx_uart:tx|tx_7segdecoder:msb"
Info (12128): Elaborating entity "tx_baud_counter" for hierarchy "tx_uart:tx|tx_baud_counter:baud"
Info (12128): Elaborating entity "tx_counter" for hierarchy "tx_uart:tx|tx_counter:counter"
Warning (10230): Verilog HDL assignment warning at tx_counter.v(18): truncated value with size 32 to match size of target (4)
Info (12128): Elaborating entity "tx_synchroniser" for hierarchy "tx_uart:tx|tx_synchroniser:synchroniser"
Info (12128): Elaborating entity "tx_single_pulser" for hierarchy "tx_uart:tx|tx_single_pulser:pulser"
Info (12128): Elaborating entity "tx_parity" for hierarchy "tx_uart:tx|tx_parity:parity"
Info (12128): Elaborating entity "tx_shift_register" for hierarchy "tx_uart:tx|tx_shift_register:sr"
Info (12128): Elaborating entity "tx_controller" for hierarchy "tx_uart:tx|tx_controller:ctrl"
Info (12128): Elaborating entity "irda_inverter" for hierarchy "tx_uart:tx|irda_inverter:inv"
Warning (10235): Verilog HDL Always Construct warning at irda_inverter.v(7): variable "SW" is read inside the Always Construct but isn't in the Always Construct's Event Control
Warning (10235): Verilog HDL Always Construct warning at irda_inverter.v(8): variable "irda_baud" is read inside the Always Construct but isn't in the Always Construct's Event Control
Info (12128): Elaborating entity "rx_uart" for hierarchy "rx_uart:rx"
Info (12128): Elaborating entity "rx_parity_check" for hierarchy "rx_uart:rx|rx_parity_check:parity_rx"
Warning (10235): Verilog HDL Always Construct warning at rx_parity_check.v(9): variable "parity_out" is read inside the Always Construct but isn't in the Always Construct's Event Control
Info (12128): Elaborating entity "rx_shift_register" for hierarchy "rx_uart:rx|rx_shift_register:sr_rx"
Info (12128): Elaborating entity "rx_controller" for hierarchy "rx_uart:rx|rx_controller:ctrl_rx"
Warning (12241): 4 hierarchies have connectivity warnings - see the Connectivity Checks report folder
Info (16010): Generating hard_block partition "hard_block:auto_generated_inst"
    Info (16011): Adding 0 node(s), including 0 DDIO, 0 PLL, 0 transceiver and 0 LCELL
Warning (21074): Design contains 3 input pin(s) that do not drive logic
    Warning (15610): No output dependent on input pin "KEY[1]"
    Warning (15610): No output dependent on input pin "KEY[2]"
    Warning (15610): No output dependent on input pin "SW[1]"
Info (21057): Implemented 191 device resources after synthesis - the final resource count might be different
    Info (21058): Implemented 15 input pins
    Info (21059): Implemented 53 output pins
    Info (21061): Implemented 123 logic cells
Info: Quartus II 64-Bit Analysis & Synthesis was successful. 0 errors, 11 warnings
    Info: Peak virtual memory: 4597 megabytes
    Info: Processing ended: Wed Feb 07 19:14:18 2024
    Info: Elapsed time: 00:00:02
    Info: Total CPU time (on all processors): 00:00:02


